---
source: crates/palimpsest-sql/tests/snapshots.rs
assertion_line: 51
expression: "format!(\"canonical_form:\\n{}\\n\\ncollapsed_mir:\\n{canonicalized:#?}\",\ncanonical_form(&canonicalized))"
---
canonical_form:
topk:[OrderKey { expression: "post_id", descending: false }]:10:0[input:project:post_id,authors.name[input:join:Inner:[(ColumnRef { relation: Some("recent_posts"), name: "author_id" }, ColumnRef { relation: Some("authors"), name: "id" })][input:base:authors:[][],input:cte-ref[cte:project:id,author_id,created_at[input:filter:author_id IN (42, 7) AND created_at IS NOT NULL[input:base:posts:[][]]]]]]]

collapsed_mir:
MirGraph {
    graph: Graph {
        Ty: "Directed",
        node_count: 8,
        edge_count: 7,
        edges: (1, 2), (2, 3), (3, 4), (4, 5), (0, 5), (5, 6), (6, 7),
        node weights: {
            0: BaseTable {
                table: "authors",
                project: [],
            },
            1: BaseTable {
                table: "posts",
                project: [],
            },
            2: Filter {
                predicate: "author_id IN (42, 7) AND created_at IS NOT NULL",
            },
            3: Project {
                columns: [
                    "id",
                    "author_id",
                    "created_at",
                ],
            },
            4: CteRef {
                cte: "recent_posts",
            },
            5: Join {
                kind: Inner,
                on: [
                    (
                        ColumnRef {
                            relation: Some(
                                "recent_posts",
                            ),
                            name: "author_id",
                        },
                        ColumnRef {
                            relation: Some(
                                "authors",
                            ),
                            name: "id",
                        },
                    ),
                ],
            },
            6: Project {
                columns: [
                    "post_id",
                    "authors.name",
                ],
            },
            7: TopK {
                order_by: [
                    OrderKey {
                        expression: "post_id",
                        descending: false,
                    },
                ],
                limit: 10,
                offset: 0,
            },
        },
        edge weights: {
            0: Input,
            1: Input,
            2: CteExpansion,
            3: Input,
            4: Input,
            5: Input,
            6: Input,
        },
    },
    root: NodeIndex(7),
}
